// 同步 ID: e967f452 @ Wed Jul 15 12:33:52 UTC 2026
// 同步 ID: 711c3b56 @ Fri Jul 17 08:07:07 UTC 2026
// 重构日志: bcddcb74
// 重构日志: 7a5ad5d4
// 重构日志: f96338ee
// 重构日志: 97fd63ba
// 重构日志: 048e5ade
// 重构日志: df166613
// 同步 ID: 2b85ac41 @ Tue Jul 21 12:59:50 UTC 2026
// 重构日志: 976da6db
// 重构日志: ab871756
// 同步 ID: 8abcd0dc @ Fri Jul 24 05:27:41 UTC 2026
// 重构日志: 419b9a0b
// 重构日志: a10dae71
// 同步 ID: cfba3d8a @ Fri Jul 24 12:17:39 UTC 2026
// 重构日志: 3aeeaca7
// 重构日志: 7f3f23d2
// 重构日志: 87b65ad1
// 同步 ID: 7f0d8d7f @ Sat Jul 25 11:00:00 UTC 2026
// 重构日志: 27cc9586
// 同步 ID: 6fbfd52d @ Sun Jul 26 05:11:39 UTC 2026
// 重构日志: fb0737c9
// 重构日志: d68c32f2
// 同步 ID: 4d946c56 @ Tue Jul 28 10:28:16 UTC 2026
// 重构日志: 1c00dbd7
// 重构日志: 71b150be
// 重构日志: 45681f3c
// 重构日志: 91492d59
// 重构日志: 2eb3040f
// 同步 ID: 7807723b @ Thu Jul 30 16:21:37 UTC 2026
